0 ffffff90 acos
0 ffffff91 testPrintFloat
0 ffffff92 testPrintInt
0 ffffff93 ceil
0 ffffff94 floor
0 ffffff95 sqrt
0 ffffff96 atan2
0 ffffff97 cos
0 ffffff98 sin
0 ffffff99 strncpy
0 ffffff9a memcpy
0 ffffff9b memset
0 ffffffa6 trap_FS_Seek
0 ffffffa7 trap_R_inPVS
0 ffffffa8 trap_R_AddPolysToScene
0 ffffffa9 trap_GetEntityToken
0 ffffffaa trap_R_AddAdditiveLightToScene
0 ffffffab trap_CM_TransformedCapsuleTrace
0 ffffffac trap_CM_CapsuleTrace
0 ffffffad trap_CM_TempCapsuleModel
0 ffffffae trap_S_StopLoopingSound
0 ffffffaf trap_S_AddRealLoopingSound
0 ffffffb0 trap_R_RemapShader
0 ffffffb1 trap_CIN_SetExtents
0 ffffffb2 trap_CIN_DrawCinematic
0 ffffffb3 trap_CIN_RunCinematic
0 ffffffb4 trap_CIN_StopCinematic
0 ffffffb5 trap_CIN_PlayCinematic
0 ffffffb6 trap_R_LightForPoint
0 ffffffb7 trap_RemoveCommand
0 ffffffb8 trap_SnapVector
0 ffffffb9 trap_RealTime
0 ffffffba trap_S_StopBackgroundTrack
0 ffffffbb trap_PC_SourceFileAndLine
0 ffffffbc trap_PC_ReadToken
0 ffffffbd trap_PC_FreeSource
0 ffffffbe trap_PC_LoadSource
0 ffffffbf trap_PC_AddGlobalDefine
0 ffffffc0 trap_Key_GetKey
0 ffffffc1 trap_Key_SetCatcher
0 ffffffc2 trap_Key_GetCatcher
0 ffffffc3 trap_Key_IsDown
0 ffffffc4 trap_R_RegisterFont
0 ffffffc5 trap_MemoryRemaining
0 ffffffc6 trap_R_RegisterShaderNoMip
0 ffffffc7 trap_SetUserCmdValue
0 ffffffc8 trap_GetUserCmd
0 ffffffc9 trap_GetCurrentCmdNumber
0 ffffffca trap_GetServerCommand
0 ffffffcb trap_GetSnapshot
0 ffffffcc trap_GetCurrentSnapshotNumber
0 ffffffcd trap_GetGameState
0 ffffffce trap_GetGlconfig
0 ffffffcf trap_R_LerpTag
0 ffffffd0 trap_R_ModelBounds
0 ffffffd1 trap_R_DrawStretchPic
0 ffffffd2 trap_R_SetColor
0 ffffffd3 trap_R_RenderScene
0 ffffffd4 trap_R_AddLightToScene
0 ffffffd5 trap_R_AddPolyToScene
0 ffffffd6 trap_R_AddRefEntityToScene
0 ffffffd7 trap_R_ClearScene
0 ffffffd8 trap_R_RegisterShader
0 ffffffd9 trap_R_RegisterSkin
0 ffffffda trap_R_RegisterModel
0 ffffffdb trap_R_LoadWorldMap
0 ffffffdc trap_S_StartBackgroundTrack
0 ffffffdd trap_S_RegisterSound
0 ffffffde trap_S_Respatialize
0 ffffffdf trap_S_UpdateEntityPosition
0 ffffffe0 trap_S_AddLoopingSound
0 ffffffe1 trap_S_ClearLoopingSounds
0 ffffffe2 trap_S_StartLocalSound
0 ffffffe3 trap_S_StartSound
0 ffffffe4 trap_CM_MarkFragments
0 ffffffe5 trap_CM_TransformedBoxTrace
0 ffffffe6 trap_CM_BoxTrace
0 ffffffe7 trap_CM_TransformedPointContents
0 ffffffe8 trap_CM_PointContents
0 ffffffe9 trap_CM_TempBoxModel
0 ffffffea trap_CM_LoadModel
0 ffffffeb trap_CM_InlineModel
0 ffffffec trap_CM_NumInlineModels
0 ffffffed trap_CM_LoadMap
0 ffffffee trap_UpdateScreen
0 ffffffef trap_SendClientCommand
0 fffffff0 trap_AddCommand
0 fffffff1 trap_SendConsoleCommand
0 fffffff2 trap_FS_FCloseFile
0 fffffff3 trap_FS_Write
0 fffffff4 trap_FS_Read
0 fffffff5 trap_FS_FOpenFile
0 fffffff6 trap_Args
0 fffffff7 trap_Argv
0 fffffff8 trap_Argc
0 fffffff9 trap_Cvar_VariableStringBuffer
0 fffffffa trap_Cvar_Set
0 fffffffb trap_Cvar_Update
0 fffffffc trap_Cvar_Register
0 fffffffd trap_Milliseconds
0 fffffffe trap_Error
0 ffffffff trap_Print
0        0 vmMain
0       87 CG_RegisterCvars
0       ff CG_ForceModelChange
0      12a CG_UpdateCvars
0      17d CG_CrosshairPlayer
0      18e CG_LastAttacker
0      19f CG_Printf
0      1b8 CG_Error
0      1d1 Com_Error
0      1ec Com_Printf
0      207 CG_Argv
0      216 CG_RegisterItemSounds
0      2b3 CG_RegisterSounds
0      790 CG_RegisterGraphics
0      c2c CG_BuildSpectatorString
0      c80 CG_RegisterClients
0      cc7 CG_ConfigString
0      ce8 CG_StartMusic
0      d1c CG_Init
0      e36 CG_Shutdown
0      e39 CG_EventHandling
0      e3c CG_KeyEvent
0      e3f CG_MouseEvent
0      e42 CG_TargetCommand_f
0      e74 CG_SizeUp_f
0      e8a CG_SizeDown_f
0      ea0 CG_Viewpos_f
0      eb8 CG_ScoresDown_f
0      eda CG_ScoresUp_f
0      ee8 CG_TellTarget_f
0      f13 CG_TellAttacker_f
0      f3e CG_VoiceTellTarget_f
0      f69 CG_VoiceTellAttacker_f
0      f94 CG_StartOrbit_f
0      fdc CG_ConsoleCommand
0     101a CG_InitConsoleCommands
0     10cd CG_DrawField
0     11fc CG_Draw3DModel
0     1275 CG_DrawHead
0     132e CG_DrawFlagModel
0     1413 CG_DrawStatusBarHead
0     1580 CG_DrawStatusBarFlag
0     1599 CG_DrawTeamBackground
0     15dc CG_DrawStatusBar
0     17d7 CG_DrawAttacker
0     187c CG_DrawSnapshot
0     18bc CG_DrawFPS
0     1949 CG_DrawTimer
0     19b1 CG_DrawTeamOverlay
0     1cf0 CG_DrawUpperRight
0     1d4e CG_DrawScores
0     20a6 CG_DrawPowerups
0     2254 CG_DrawLowerRight
0     2287 CG_DrawPickupItem
0     22f9 CG_DrawLowerLeft
0     232d CG_DrawTeamInfo
0     2455 CG_DrawHoldableItem
0     2481 CG_DrawReward
0     25aa CG_AddLagometerFrameInfo
0     25ca CG_AddLagometerSnapshotInfo
0     260d CG_DrawDisconnect
0     2683 CG_DrawLagometer
0     289d CG_CenterPrint
0     28db CG_DrawCenterString
0     29b1 CG_DrawCrosshair
0     2a88 CG_ScanForCrosshairEntity
0     2af7 CG_DrawCrosshairNames
0     2b5a CG_DrawSpectator
0     2b88 CG_DrawVote
0     2bd3 CG_DrawTeamVote
0     2c53 CG_DrawScoreboard
0     2c5d CG_DrawIntermission
0     2c75 CG_DrawFollow
0     2cd8 CG_DrawAmmoWarning
0     2d11 CG_DrawWarmup
0     2f19 CG_Draw2D
0     2f9e CG_DrawTourneyScoreboard
0     2fa4 CG_DrawActive
0     302f CG_AdjustFrom640
0     3066 CG_FillRect
0     30a0 CG_DrawSides
0     3101 CG_DrawTopBottom
0     3162 CG_DrawRect
0     3194 CG_DrawPic
0     31c6 CG_DrawChar
0     3235 CG_DrawStringExt
0     3364 CG_DrawBigString
0     339c CG_DrawBigStringColor
0     33c2 CG_DrawSmallString
0     33f6 CG_DrawSmallStringColor
0     3417 CG_DrawStrlen
0     345f CG_TileClearBox
0     34a6 CG_TileClear
0     353d CG_FadeColor
0     3581 CG_TeamColor
0     35a4 CG_GetColorForHealth
0     363d CG_ColorForHealth
0     3652 UI_DrawBannerString2
0     3718 UI_DrawBannerString
0     37c6 UI_ProportionalStringWidth
0     3809 UI_DrawProportionalString2
0     38d4 UI_ProportionalSizeScale
0     38e3 UI_DrawProportionalString
0     3a37 CG_BubbleTrail
0     3bd5 CG_SmokePuff
0     3d5d CG_SpawnEffect
0     3df5 CG_ScorePlum
0     3ec2 CG_MakeExplosion
0     3fcd CG_Bleed
0     4035 CG_LaunchGib
0     40b4 CG_GibPlayer
0     43b3 CG_LaunchExplode
0     4432 CG_BigExplode
0     45be CG_PositionEntityOnTag
0     4683 CG_PositionRotatedEntityOnTag
0     4745 CG_SetEntitySoundPosition
0     47a2 CG_EntityEffects
0     483b CG_General
0     4898 CG_Speaker
0     48fb CG_Item
0     4bd9 CG_Missile
0     4cea CG_Grapple
0     4d5d CG_Mover
0     4dcf CG_Beam
0     4dfb CG_Portal
0     4e6a CG_AdjustPositionForMover
0     4f26 CG_InterpolateEntityPosition
0     4fe6 CG_CalcEntityLerpPositions
0     5085 CG_TeamBase
0     50d1 CG_AddCEntity
0     515b CG_AddPacketEntities
0     5209 CG_PlaceString
0     52b3 CG_Obituary
0     5514 CG_UseItem
0     55b8 isWeaponBetter
0     55ef CG_ItemPickup
0     5639 CG_PainEvent
0     5694 CG_ModHRInfo
0     56c1 CG_EntityEvent
0     6152 CG_CheckEvents
0     61e8 CG_DrawLoadingIcons
0     6265 CG_LoadingString
0     6275 CG_LoadingItem
0     62b6 CG_LoadingClient
0     63ad CG_DrawInformation
0     6632 CG_InitLocalEntities
0     6668 CG_FreeLocalEntity
0     66a1 CG_AllocLocalEntity
0     66df CG_BloodTrail
0     6754 CG_FragmentBounceMark
0     67f7 CG_FragmentBounceSound
0     684b CG_ReflectVelocity
0     6941 CG_AddFragment
0     6a49 CG_AddFadeRGB
0     6b1b CG_AddMoveScaleFade
0     6c06 CG_AddScaleFade
0     6c9f CG_AddFallScaleFade
0     6d51 CG_AddExplosion
0     6dc2 CG_AddSpriteExplosion
0     6e8e CG_AddScorePlum
0     70c4 CG_AddLocalEntities
0     714c CG_InitMarkPolys
0     7182 CG_FreeMarkPoly
0     71bb CG_AllocMark
0     7212 CG_ImpactMark
0     74ec CG_AddMarks
0     7709 CG_ClearParticles
0     77ac CG_AddParticleToScene
0     8fd6 CG_AddParticles
0     91db CG_ParticleSnowFlurry
0     9377 CG_ParticleSnow
0     94cd CG_ParticleBubble
0     964c CG_ParticleSmoke
0     974b CG_ParticleBulletDebris
0     980c CG_ParticleExplosion
0     9917 CG_AddParticleShrapnel
0     991a CG_NewParticleArea
0     9a5b CG_SnowLink
0     9aa1 CG_ParticleImpactSmokePuff
0     9b84 CG_Particle_Bleed
0     9c68 CG_Particle_OilParticle
0     9d6a CG_Particle_OilSlick
0     9eab CG_OilSlickRemove
0     9ef6 ValidBloodPool
0     9ffc CG_BloodPool
0     a0f5 CG_ParticleBloodCloud
0     a231 CG_ParticleSparks
0     a3a7 CG_ParticleDust
0     a5ad CG_ParticleMisc
0     a64d CG_CustomSound
0     a6bd CG_ParseAnimationFile
0     ab04 CG_FileExists
0     ab20 CG_FindClientModelFile
0     ac8c CG_FindClientHeadFile
0     ae09 CG_RegisterClientSkin
0     aed6 CG_RegisterClientModelname
0     b132 CG_ColorFromString
0     b196 CG_LoadClientInfo
0     b360 CG_CopyClientInfoModel
0     b42f CG_ScanForExistingClientInfo
0     b50d CG_SetDeferredClientInfo
0     b637 CG_NewClientInfo
0     b955 CG_LoadDeferredPlayers
0     b99d CG_SetLerpFrameAnimation
0     b9f3 CG_RunLerpFrame
0     bbd5 CG_ClearLerpFrame
0     bc12 CG_PlayerAnimation
0     bcd8 CG_SwingAngles
0     bddd CG_AddPainTwitch
0     be24 CG_PlayerAngles
0     c011 CG_HasteTrail
0     c08e CG_TrailItem
0     c0ed CG_PlayerFlag
0     c296 CG_PlayerPowerups
0     c3c7 CG_PlayerFloatSprite
0     c413 CG_PlayerSprites
0     c4e9 CG_PlayerShadow
0     c578 CG_PlayerSplash
0     c66b CG_AddRefEntityWithPowerups
0     c6e3 CG_LightVerts
0     c813 CG_Player
0     c989 CG_ResetPlayerEntity
0     ca89 CG_CheckAmmo
0     cb08 CG_DamageFeedback
0     cc4b CG_Respawn
0     cc5c CG_CheckPlayerstateEvents
0     cd3e CG_CheckChangedPredictableEvents
0     cdcb pushReward
0     cdf8 CG_CheckLocalSounds
0     d169 CG_TransitionPlayerState
0     d21f CG_BuildSolidList
0     d2ae CG_ClipMoveToEntities
0     d39f CG_Trace
0     d3e3 CG_PointContents
0     d453 CG_InterpolatePlayerState
0     d588 CG_TouchItem
0     d639 CG_TouchTriggerPrediction
0     d6ec CG_PredictPlayerState
0     d98c CG_DrawClientScore
0     dcb8 CG_TeamScoreboard
0     dd31 CG_DrawOldScoreboard
0     e0cf CG_CenterGiantLine
0     e10f CG_DrawOldTourneyScoreboard
0     e2d6 CG_ParseScores
0     e4fa CG_ParseTeamInfo
0     e5c9 CG_ParseServerinfo
0     e6c0 CG_ParseWarmup
0     e703 CG_SetConfigValues
0     e76a CG_ShaderStateChanged
0     e822 CG_ConfigStringModified
0     e9e4 CG_AddToTeamChat
0     eb5f CG_MapRestart
0     eba7 CG_ParseVoiceChats
0     ee15 CG_LoadVoiceChats
0     ee77 CG_HeadModelVoiceChats
0     ef11 CG_GetVoiceChat
0     ef85 CG_VoiceChatListForClient
0     f153 CG_PlayVoiceChat
0     f156 CG_PlayBufferedVoiceChats
0     f159 CG_AddBufferedVoiceChat
0     f15c CG_VoiceChatLocal
0     f15f CG_VoiceChat
0     f162 CG_RemoveChatEscapeChar
0     f1a8 CG_ServerCommand
0     f34b CG_ExecuteNewServerCommands
0     f372 CG_ResetEntity
0     f3b6 CG_TransitionEntity
0     f3e3 CG_SetInitialSnapshot
0     f45b CG_TransitionSnapshot
0     f54f CG_SetNextSnap
0     f624 CG_ReadNextSnapshot
0     f693 CG_ProcessSnapshots
0     f743 CG_TestModel_f
0     f7ce CG_TestGun_f
0     f7da CG_TestModelNextFrame_f
0     f7f0 CG_TestModelPrevFrame_f
0     f80d CG_TestModelNextSkin_f
0     f823 CG_TestModelPrevSkin_f
0     f840 CG_AddTestModel
0     f8cb CG_CalcVrect
0     f938 CG_OffsetThirdPersonView
0     fab1 CG_StepOffset
0     fad3 CG_OffsetFirstPersonView
0     fd00 CG_ZoomDown_f
0     fd10 CG_ZoomUp_f
0     fd20 CG_CalcFov
0     fe31 CG_DamageBlendBlob
0     ff0b CG_CalcViewValues
0    1001f CG_PowerupTimerSounds
0    1006f CG_AddBufferedSound
0    10099 CG_PlayBufferedSounds
0    100d2 CG_DrawActiveFrame
0    1020e CG_MachineGunEjectBrass
0    103f5 CG_ShotgunEjectBrass
0    1060a CG_RailTrail
0    109bc CG_RocketTrail
0    10aaa CG_PlasmaTrail
0    10d69 CG_GrappleTrail
0    10dfa CG_GrenadeTrail
0    10e06 CG_RegisterWeapon
0    1132e CG_RegisterItemVisuals
0    113d1 CG_MapTorsoToWeaponFrame
0    11442 CG_CalculateWeaponPosition
0    11527 CG_LightningBolt
0    116dc CG_SpawnRailTrail
0    11710 CG_MachinegunSpinAngle
0    117a6 CG_AddWeaponWithPowerups
0    117ea CG_AddPlayerWeapon
0    11adb CG_AddViewWeapon
0    11c44 CG_DrawWeaponSelect
0    11d66 CG_WeaponSelectable
0    11d8b CG_NextWeapon_f
0    11de1 CG_PrevWeapon_f
0    11e37 CG_Weapon_f
0    11e7c CG_OutOfAmmoChange
0    11ea1 CG_FireWeapon
0    11f5e CG_MissileHitWall
0    121d7 CG_MissileHitPlayer
0    12201 CG_ShotgunPellet
0    122ec CG_ShotgunPattern
0    123a2 CG_ShotgunFire
0    12479 CG_Tracer
0    12692 CG_CalcMuzzlePoint
0    1278e CG_Bullet
0    12862 PM_SlideMove
0    12c52 PM_StepSlideMove
0    12de3 PM_AddEvent
0    12df2 PM_AddTouchEnt
0    12e47 PM_StartTorsoAnim
0    12e6d PM_StartLegsAnim
0    12e9d PM_ContinueLegsAnim
0    12ebd PM_ContinueTorsoAnim
0    12edd PM_ForceLegsAnim
0    12eed PM_ClipVelocity
0    12f66 PM_Friction
0    13059 PM_Accelerate
0    130d5 PM_CmdScale
0    13179 PM_SetMovementDir
0    132c5 PM_CheckJump
0    13352 PM_CheckWaterJump
0    13439 PM_WaterJumpMove
0    1347a PM_WaterMove
0    135ab PM_FlyMove
0    13636 PM_AirMove
0    136d9 PM_GrappleMove
0    13790 PM_WalkMove
0    1398c PM_DeadMove
0    13a05 PM_NoclipMove
0    13b59 PM_FootstepForSurface
0    13b72 PM_CrashLand
0    13c6f PM_CorrectAllSolid
0    13d56 PM_GroundTraceMissed
0    13def PM_GroundTrace
0    13f60 PM_SetWaterLevel
0    1402d PM_CheckDuck
0    1417e PM_Footsteps
0    142f0 PM_WaterEvents
0    14347 PM_BeginWeaponChange
0    14391 PM_FinishWeaponChange
0    143d9 PM_TorsoAnimation
0    143f8 PM_Weapon
0    1461e PM_Animate
0    14643 PM_DropTimers
0    146cd PM_UpdateViewAngles
0    14771 PmoveSingle
0    14a44 Pmove
0    14ad0 swapfunc
0    14b57 med3
0    14bda qsort
0    14f93 strlen
0    14fae strcat
0    14ff1 strcpy
0    15026 strcmp
0    1505f strchr
0    1507e strstr
0    150c4 tolower
0    150dc toupper
0    150f4 memmove
0    1513b tan
0    15152 srand
0    15159 rand
0    1516e atof
0    15233 _atof
0    152fe atoi
0    15376 _atoi
0    153f8 abs
0    1540d fabs
0    15422 AddInt
0    154fd AddFloat
0    1560b AddString
0    156a2 vsprintf
0    1583a sscanf
0    158a5 BG_FindItemForPowerup
0    158e8 BG_FindItemForHoldable
0    15922 BG_FindItemForWeapon
0    15955 BG_FindItem
0    15980 BG_PlayerTouchesItem
0    159e0 BG_CanItemBeGrabbed
0    15b11 BG_EvaluateTrajectory
0    15ce1 BG_EvaluateTrajectoryDelta
0    15ddb BG_AddPredictableEventToPlayerstate
0    15e16 BG_TouchJumpPad
0    15e86 BG_PlayerStateToEntityState
0    16080 BG_PlayerStateToEntityStateExtraPolate
0    16287 Q_rand
0    1629c Q_random
0    162ae Q_crandom
0    162bf VectorCompare
0    162f7 VectorLength
0    1632a VectorLengthSquared
0    16356 Distance
0    16397 DistanceSquared
0    163e5 VectorNormalizeFast
0    16444 VectorInverse
0    1646c CrossProduct
0    164e5 ClampChar
0    164fc ClampShort
0    16513 DirToByte
0    1656e ByteToDir
0    1658c ColorBytes3
0    165fb ColorBytes4
0    1668d NormalizeColor
0    16703 PlaneFromPoints
0    167c1 RotatePointAroundVector
0    168cc RotateAroundDirection
0    16910 vectoangles
0    169cc AnglesToAxis
0    16a01 AxisClear
0    16a38 AxisCopy
0    16a5c ProjectPointOnPlane
0    16b17 MakeNormalVectors
0    16bc2 VectorRotate
0    16c5f Q_rsqrt
0    16c96 Q_fabs
0    16ca6 LerpAngle
0    16cd7 AngleSubtract
0    16cfc AnglesSubtract
0    16d4a AngleMod
0    16d5c AngleNormalize360
0    16d6a AngleNormalize180
0    16d85 AngleDelta
0    16d95 SetPlaneSignbits
0    16dc2 BoxOnPlaneSide
0    17183 RadiusFromBounds
0    171d6 ClearBounds
0    1720d AddPointToBounds
0    172a6 VectorNormalize
0    17316 VectorNormalize2
0    173a4 _VectorMA
0    173e6 _DotProduct
0    1741b _VectorSubtract
0    17454 _VectorAdd
0    1748d _VectorCopy
0    174b4 _VectorScale
0    174e4 Vector4Scale
0    17526 Q_log2
0    17545 MatrixMultiply
0    1771a AngleVectors
0    17812 PerpendicularVector
0    1787e Com_Clamp
0    17898 COM_SkipPath
0    178bc COM_StripExtension
0    178f2 COM_DefaultExtension
0    1793a ShortSwap
0    1795a ShortNoSwap
0    17965 LongSwap
0    17998 LongNoSwap
0    1799e Long64Swap
0    179db Long64NoSwap
0    179e3 FloatSwap
0    179f9 FloatNoSwap
0    17a00 COM_BeginParseSession
0    17a12 COM_GetCurrentParseLine
0    17a18 COM_Parse
0    17a27 COM_ParseError
0    17a47 COM_ParseWarning
0    17a67 SkipWhitespace
0    17a9e COM_Compress
0    17bf1 COM_ParseExt
0    17d3d COM_MatchToken
0    17d66 SkipBracedSection
0    17da4 SkipRestOfLine
0    17ddc Parse1DMatrix
0    17e1b Parse2DMatrix
0    17e56 Parse3DMatrix
0    17e9b Q_isprint
0    17eb0 Q_islower
0    17ec5 Q_isupper
0    17eda Q_isalpha
0    17efb Q_strrchr
0    17f2f Q_strncpyz
0    17f6a Q_stricmpn
0    17ff5 Q_strncmp
0    18047 Q_stricmp
0    1806f Q_strlwr
0    18095 Q_strupr
0    180bb Q_strcat
0    180e7 Q_PrintStrlen
0    18137 Q_CleanStr
0    1819d Com_sprintf
0    181dc va
0    18209 Info_ValueForKey
0    182e9 Info_NextPair
0    18387 Info_RemoveKey
0    18457 Info_RemoveKey_Big
0    18527 Info_Validate
0    1854e Info_SetValueForKey
0    1861e Info_SetValueForKey_Big
1        4 forceModelModificationCount
1       2c cvarTable
1      5bc cvarTableSize
1      5ec commands
1      6a4 drawTeamOverlayModificationCount
1      758 propMap
1      d58 propMapB
1      ec8 cg_weaponHierarchy
1     114c shaderAnimNames
1     11cc shaderAnimCounts
1     124c shaderAnimSTRatio
1     12cc cl_numparticles
1     12d0 initparticles
1     12d4 roll
1     12d8 cg_customSoundNames
1     13ec numValidOrders
1     1450 pm_stopspeed
1     1454 pm_duckScale
1     1458 pm_swimScale
1     145c pm_wadeScale
1     1460 pm_accelerate
1     1464 pm_airaccelerate
1     1468 pm_wateraccelerate
1     146c pm_flyaccelerate
1     1470 pm_friction
1     1474 pm_waterfriction
1     1478 pm_flightfriction
1     147c pm_spectatorfriction
1     1480 c_pmove
1     14ac randSeed
1     1520 bg_itemlist
1     1ca4 bg_numItems
1     1cfc eventnames
1     1e2c vec3_origin
1     1e38 axisDefault
1     1e5c colorBlack
1     1e6c colorRed
1     1e7c colorGreen
1     1e8c colorBlue
1     1e9c colorYellow
1     1eac colorMagenta
1     1ebc colorCyan
1     1ecc colorWhite
1     1edc colorLtGrey
1     1eec colorMdGrey
1     1efc colorDkGrey
1     1f0c g_color_table
1     1f8c bytedirs
1     13a4 validOrders
2   39d8cc _stackStart
2   3ad8cc _stackEnd
3      400 cg_pmove_msec
3      510 cg_hudFiles
3      620 cg_trueLightning
3      730 cg_oldPlasma
3      840 cg_oldRocket
3      950 cg_oldRail
3      a60 cg_noProjectileTrail
3      b70 cg_noTaunt
3      c80 cg_bigFont
3      d90 cg_smallFont
3      ea0 cg_cameraMode
3      fb0 cg_timescale
3     10c0 cg_timescaleFadeSpeed
3     11d0 cg_timescaleFadeEnd
3     12e0 cg_cameraOrbitDelay
3     13f0 cg_cameraOrbit
3     1500 pmove_msec
3     1610 pmove_fixed
3     1720 cg_smoothClients
3     1830 cg_scorePlum
3     1940 cg_noVoiceText
3     1a50 cg_noVoiceChats
3     1b60 cg_teamChatsOnly
3     1c70 cg_drawFriend
3     1d80 cg_deferPlayers
3     1e90 cg_predictItems
3     1fa0 cg_blood
3     20b0 cg_paused
3     21c0 cg_buildScript
3     22d0 cg_forceModel
3     23e0 cg_stats
3     24f0 cg_teamChatHeight
3     2600 cg_teamChatTime
3     2710 cg_synchronousClients
3     2820 cg_drawAttacker
3     2930 cg_lagometer
3     2a40 cg_stereoSeparation
3     2b50 cg_thirdPerson
3     2c60 cg_thirdPersonAngle
3     2d70 cg_thirdPersonRange
3     2e80 cg_zoomFov
3     2f90 cg_fov
3     30a0 cg_simpleItems
3     31b0 cg_ignore
3     32c0 cg_autoswitch
3     33d0 cg_tracerLength
3     34e0 cg_tracerWidth
3     35f0 cg_tracerChance
3     3700 cg_viewsize
3     3810 cg_drawGun
3     3920 cg_gun_z
3     3a30 cg_gun_y
3     3b40 cg_gun_x
3     3c50 cg_gun_frame
3     3d60 cg_brassTime
3     3e70 cg_addMarks
3     3f80 cg_footsteps
3     4090 cg_showmiss
3     41a0 cg_noPlayerAnims
3     42b0 cg_nopredict
3     43c0 cg_errorDecay
3     44d0 cg_railTrailTime
3     45e0 cg_debugEvents
3     46f0 cg_debugPosition
3     4800 cg_debugAnim
3     4910 cg_animSpeed
3     4a20 cg_draw2D
3     4b30 cg_drawStatus
3     4c40 cg_crosshairHealth
3     4d50 cg_crosshairSize
3     4e60 cg_crosshairY
3     4f70 cg_crosshairX
3     5080 cg_teamOverlayUserinfo
3     5190 cg_drawTeamOverlay
3     52a0 cg_drawRewards
3     53b0 cg_drawCrosshairNames
3     54c0 cg_drawCrosshair
3     55d0 cg_drawAmmoWarning
3     56e0 cg_drawIcons
3     57f0 cg_draw3dIcons
3     5900 cg_drawSnapshot
3     5a10 cg_drawFPS
3     5b20 cg_drawTimer
3     5c30 cg_gibs
3     5d40 cg_shadows
3     5e50 cg_swingSpeed
3     5f60 cg_bobroll
3     6070 cg_bobpitch
3     6180 cg_bobup
3     6290 cg_runroll
3     63a0 cg_runpitch
3     64b0 cg_centertime
3     65c0 cg_items
3     7dc0 cg_weapons
3     8640 cg_entities
3    be640 cg
3    dce80 cgs
3   1025ac lagometer
3   102bb4 teamChat2
3   102cb4 teamChat1
3   102db4 systemChat
3   102eb4 numSortedTeamPlayers
3   102eb8 sortedTeamPlayers
3   102f94 loadingItemIcons
3   102ffc loadingPlayerIcons
3   10303c loadingItemIconCount
3   103040 loadingPlayerIconCount
3   103044 cg_freeLocalEntities
3   103048 cg_activeLocalEntities
3   10316c cg_localEntities
3   12796c oldtime
3   127970 rup
3   12797c rright
3   127988 rforward
3   127994 pvup
3   1279a0 pvright
3   1279ac pvforward
3   1279b8 particles
3   1469b8 free_particles
3   1469bc active_particles
3   1469c0 numShaderAnims
3   1469c4 shaderAnims
3   1489c4 markTotal
3   1489c8 cg_freeMarkPolys
3   1489cc cg_activeMarkPolys
3   148aec cg_markPolys
3   15aaec cg_triggerEntities
3   15aeec cg_numTriggerEntities
3   15aef0 cg_solidEntities
3   15b2f0 cg_numSolidEntities
3   15b2f4 cg_pmove
3   15b3dc localClient
3   15b3e0 voiceChatBuffer
3   15dae0 headModelVoiceChat
3   15ebe0 voiceChatLists
3   387620 pml
3   3876ac pm
3   39d0c8 com_lines
3   39d0cc com_parsename
3   39d4cc com_token
